

================================================================
== Vivado HLS Report for 'pipe3'
================================================================
* Date:           Fri Jan 18 12:51:51 2019

* Version:        2017.4.op (Build 2193837 on Tue Apr 10 18:25:10 MDT 2018)
* Project:        pipe3
* Solution:       solution_5ns
* Product family: virtexuplus
* Target device:  xcvu9p-fsgd2104-3-e-es1


================================================================
== Performance Estimates
================================================================
+ Timing (ns): 
    * Summary: 
    +--------+-------+----------+------------+
    |  Clock | Target| Estimated| Uncertainty|
    +--------+-------+----------+------------+
    |ap_clk  |   5.00|      3.39|        0.62|
    +--------+-------+----------+------------+

+ Latency (clock cycles): 
    * Summary: 
    +-----+-----+-----+-----+---------+
    |  Latency  |  Interval | Pipeline|
    | min | max | min | max |   Type  |
    +-----+-----+-----+-----+---------+
    |    0|    0|    0|    0|   none  |
    +-----+-----+-----+-----+---------+

    + Detail: 
        * Instance: 
        N/A

        * Loop: 
        N/A



================================================================
== Utilization Estimates
================================================================
* Summary: 
+-----------------+---------+-------+---------+---------+-----+
|       Name      | BRAM_18K| DSP48E|    FF   |   LUT   | URAM|
+-----------------+---------+-------+---------+---------+-----+
|DSP              |        -|      -|        -|        -|    -|
|Expression       |        -|      3|        0|       84|    -|
|FIFO             |        -|      -|        -|        -|    -|
|Instance         |        -|      -|        -|        -|    -|
|Memory           |        -|      -|        -|        -|    -|
|Multiplexer      |        -|      -|        -|        -|    -|
|Register         |        -|      -|        -|        -|    -|
+-----------------+---------+-------+---------+---------+-----+
|Total            |        0|      3|        0|       84|    0|
+-----------------+---------+-------+---------+---------+-----+
|Available        |     4320|   6840|  2364480|  1182240|  960|
+-----------------+---------+-------+---------+---------+-----+
|Utilization (%)  |        0|   ~0  |        0|    ~0   |    0|
+-----------------+---------+-------+---------+---------+-----+

+ Detail: 
    * Instance: 
    N/A

    * DSP48: 
    N/A

    * Memory: 
    N/A

    * FIFO: 
    N/A

    * Expression: 
    +---------------+----------+-------+---+----+------------+------------+
    | Variable Name | Operation| DSP48E| FF| LUT| Bitwidth P0| Bitwidth P1|
    +---------------+----------+-------+---+----+------------+------------+
    |tmp_fu_35_p2   |     *    |      3|  0|  20|          32|          32|
    |out_r          |     +    |      0|  0|  32|          32|          32|
    |tmp1_fu_41_p2  |     +    |      0|  0|  32|          32|          32|
    +---------------+----------+-------+---+----+------------+------------+
    |Total          |          |      3|  0|  84|          96|          96|
    +---------------+----------+-------+---+----+------------+------------+

    * Multiplexer: 
    N/A

    * Register: 
    N/A



================================================================
== Interface
================================================================
* Summary: 
+--------------+-----+-----+------------+--------------+--------------+
|   RTL Ports  | Dir | Bits|  Protocol  | Source Object|    C Type    |
+--------------+-----+-----+------------+--------------+--------------+
|ap_start      |  in |    1| ap_ctrl_hs |     pipe3    | return value |
|ap_done       | out |    1| ap_ctrl_hs |     pipe3    | return value |
|ap_idle       | out |    1| ap_ctrl_hs |     pipe3    | return value |
|ap_ready      | out |    1| ap_ctrl_hs |     pipe3    | return value |
|a             |  in |   32|   ap_none  |       a      |    scalar    |
|b             |  in |   32|   ap_none  |       b      |    scalar    |
|out_r         | out |   32|   ap_vld   |     out_r    |    pointer   |
|out_r_ap_vld  | out |    1|   ap_vld   |     out_r    |    pointer   |
+--------------+-----+-----+------------+--------------+--------------+

