

================================================================
== Vivado HLS Report for 'pipe3'
================================================================
* Date:           Fri Jan 18 13:32:07 2019

* Version:        2017.4.op (Build 2193837 on Tue Apr 10 18:25:10 MDT 2018)
* Project:        pipe3
* Solution:       solution_2ns
* Product family: virtexuplus
* Target device:  xcvu9p-fsgd2104-3-e-es1


================================================================
== Performance Estimates
================================================================
+ Timing (ns): 
    * Summary: 
    +--------+-------+----------+------------+
    |  Clock | Target| Estimated| Uncertainty|
    +--------+-------+----------+------------+
    |ap_clk  |   3.00|      1.98|        0.38|
    +--------+-------+----------+------------+

+ Latency (clock cycles): 
    * Summary: 
    +-----+-----+-----+-----+---------+
    |  Latency  |  Interval | Pipeline|
    | min | max | min | max |   Type  |
    +-----+-----+-----+-----+---------+
    |    2|    2|    2|    2|   none  |
    +-----+-----+-----+-----+---------+

    + Detail: 
        * Instance: 
        N/A

        * Loop: 
        N/A



================================================================
== Utilization Estimates
================================================================
* Summary: 
+-----------------+---------+-------+---------+---------+-----+
|       Name      | BRAM_18K| DSP48E|    FF   |   LUT   | URAM|
+-----------------+---------+-------+---------+---------+-----+
|DSP              |        -|      -|        -|        -|    -|
|Expression       |        -|      -|        0|       64|    -|
|FIFO             |        -|      -|        -|        -|    -|
|Instance         |        -|      4|      165|       49|    -|
|Memory           |        -|      -|        -|        -|    -|
|Multiplexer      |        -|      -|        -|       21|    -|
|Register         |        -|      -|       35|        -|    -|
+-----------------+---------+-------+---------+---------+-----+
|Total            |        0|      4|      200|      134|    0|
+-----------------+---------+-------+---------+---------+-----+
|Available        |     4320|   6840|  2364480|  1182240|  960|
+-----------------+---------+-------+---------+---------+-----+
|Utilization (%)  |        0|   ~0  |    ~0   |    ~0   |    0|
+-----------------+---------+-------+---------+---------+-----+

+ Detail: 
    * Instance: 
    +-------------------------+----------------------+---------+-------+-----+----+
    |         Instance        |        Module        | BRAM_18K| DSP48E|  FF | LUT|
    +-------------------------+----------------------+---------+-------+-----+----+
    |pipe3_mul_32s_32sbkb_U1  |pipe3_mul_32s_32sbkb  |        0|      4|  165|  49|
    +-------------------------+----------------------+---------+-------+-----+----+
    |Total                    |                      |        0|      4|  165|  49|
    +-------------------------+----------------------+---------+-------+-----+----+

    * DSP48: 
    N/A

    * Memory: 
    N/A

    * FIFO: 
    N/A

    * Expression: 
    +---------------+----------+-------+---+----+------------+------------+
    | Variable Name | Operation| DSP48E| FF| LUT| Bitwidth P0| Bitwidth P1|
    +---------------+----------+-------+---+----+------------+------------+
    |out_r          |     +    |      0|  0|  32|          32|          32|
    |tmp1_fu_41_p2  |     +    |      0|  0|  32|          32|          32|
    +---------------+----------+-------+---+----+------------+------------+
    |Total          |          |      0|  0|  64|          64|          64|
    +---------------+----------+-------+---+----+------------+------------+

    * Multiplexer: 
    +-----------+----+-----------+-----+-----------+
    |    Name   | LUT| Input Size| Bits| Total Bits|
    +-----------+----+-----------+-----+-----------+
    |ap_NS_fsm  |  21|          4|    1|          4|
    +-----------+----+-----------+-----+-----------+
    |Total      |  21|          4|    1|          4|
    +-----------+----+-----------+-----+-----------+

    * Register: 
    +------------+----+----+-----+-----------+
    |    Name    | FF | LUT| Bits| Const Bits|
    +------------+----+----+-----+-----------+
    |ap_CS_fsm   |   3|   0|    3|          0|
    |tmp_reg_63  |  32|   0|   32|          0|
    +------------+----+----+-----+-----------+
    |Total       |  35|   0|   35|          0|
    +------------+----+----+-----+-----------+



================================================================
== Interface
================================================================
* Summary: 
+--------------+-----+-----+------------+--------------+--------------+
|   RTL Ports  | Dir | Bits|  Protocol  | Source Object|    C Type    |
+--------------+-----+-----+------------+--------------+--------------+
|ap_clk        |  in |    1| ap_ctrl_hs |     pipe3    | return value |
|ap_rst        |  in |    1| ap_ctrl_hs |     pipe3    | return value |
|ap_start      |  in |    1| ap_ctrl_hs |     pipe3    | return value |
|ap_done       | out |    1| ap_ctrl_hs |     pipe3    | return value |
|ap_idle       | out |    1| ap_ctrl_hs |     pipe3    | return value |
|ap_ready      | out |    1| ap_ctrl_hs |     pipe3    | return value |
|a             |  in |   32|   ap_none  |       a      |    scalar    |
|b             |  in |   32|   ap_none  |       b      |    scalar    |
|out_r         | out |   32|   ap_vld   |     out_r    |    pointer   |
|out_r_ap_vld  | out |    1|   ap_vld   |     out_r    |    pointer   |
+--------------+-----+-----+------------+--------------+--------------+

